// Jest Snapshot v1, https://goo.gl/fbAQLP

exports[`matches snapshot 1`] = `
<DocumentFragment>
  <li>
     
    <button
      data-testid="subButundefined"
    >
      X
    </button>
  </li>
</DocumentFragment>
`;
